// Jest Snapshot v1, https://goo.gl/fbAQLP

exports[`<Section/> matches the snapshot 1`] = `
<styled.div
  className="gallery-section"
  type="gallery-section"
>
  <div>
    <h3>
      Section One
    </h3>
    <p>
      Lorem ipsum dolor sit amet, consectetur adipiscing elit. Aliquam lacinia dapibus purus, quis mollis dui eleifend id. Cras nec libero id elit congue pharetra. Phasellus laoreet metus eu leo porttitor commodo. Integer vestibulum mi sit amet nisl vulputate, sed porttitor lectus rutrum. Cras elit mi, lobortis ac elementum quis, pretium gravida magna. Vestibulum pulvinar arcu nec massa ultrices blandit. Phasellus laoreet vulputate diam, at imperdiet risus consequat id. Etiam ligula tortor, auctor sed suscipit at, auctor sit amet libero. Pellentesque ac pretium eros.
    </p>
  </div>
  <img
    src="https://i.picsum.photos/id/776/960/320.jpg"
  />
</styled.div>
`;
